<html>
<body>
<pre>
<h1>µVision Build Log</h1>
<h2>Tool Versions:</h2>
IDE-Version: µVision V5.29.0.0
Copyright (C) 2019 ARM Ltd and ARM Germany GmbH. All rights reserved.
License Information: Ege Onur, ITU, LIC=----
 
Tool Versions:
Toolchain:       MDK-Lite  Version: 5.29.0.0
Toolchain Path:  C:\Keil_v5\ARM\ARMCC\Bin
C Compiler:      Armcc.exe V5.06 update 6 (build 750)
Assembler:       Armasm.exe V5.06 update 6 (build 750)
Linker/Locator:  ArmLink.exe V5.06 update 6 (build 750)
Library Manager: ArmAr.exe V5.06 update 6 (build 750)
Hex Converter:   FromElf.exe V5.06 update 6 (build 750)
CPU DLL:         SARMCM3.DLL V5.29.0.0
Dialog DLL:      DARMCM1.DLL V1.19.2.0
Target DLL:      STLink\ST-LINKIII-KEIL_SWO.dll V3.0.7.0
Dialog DLL:      TARMCM1.DLL V1.14.1.0
 
<h2>Project:</h2>
C:\Users\90533\Desktop\F0Project\Project.uvprojx
Project File Date:  03/18/2020

<h2>Output:</h2>
*** Using Compiler 'V5.06 update 6 (build 750)', folder: 'C:\Keil_v5\ARM\ARMCC\Bin'
Rebuild target 'Target 1'
compiling main.c...
compiling stm32f0xx_hal.c...
compiling stm32f0xx_hal_cortex.c...
compiling stm32f0xx_hal_dma.c...
compiling stm32f0xx_hal_flash.c...
compiling stm32f0xx_hal_rcc_ex.c...
compiling stm32f0xx_hal_gpio.c...
compiling stm32f0xx_hal_flash_ex.c...
compiling stm32f0xx_hal_rcc.c...
assembling startup_stm32f051x8.s...
compiling stm32f0xx_hal_tim_ex.c...
compiling stm32f0xx_hal_tim.c...
compiling system_stm32f0xx.c...
compiling stm32f0xx_hal_uart_ex.c...
compiling stm32f0xx_hal_uart.c...
linking...
Program Size: Code=916 RO-data=220 RW-data=4 ZI-data=1636  
".\Objects\Project.axf" - 0 Error(s), 0 Warning(s).

<h2>Software Packages used:</h2>

Package Vendor: ARM
                http://www.keil.com/pack/ARM.CMSIS.5.6.0.pack
                ARM.CMSIS.5.6.0
                CMSIS (Cortex Microcontroller Software Interface Standard)
   * Component: CORE Version: 5.3.0
   * Component: DSP Variant: Library Version: 1.7.0

Package Vendor: Keil
                http://www.keil.com/pack/Keil.STM32F0xx_DFP.2.0.0.pack
                Keil.STM32F0xx_DFP.2.0.0
                STMicroelectronics STM32F0 Series Device Support, Drivers and Examples
   * Component: COMMON Version: 1.7.0
   * Component: CORTEX Version: 1.7.0
   * Component: DMA Version: 1.7.0
   * Component: FLASH Version: 1.7.0
   * Component: GPIO Version: 1.7.0
   * Component: RCC Version: 1.7.0
   * Component: TIM Version: 1.7.0
   * Component: UART Version: 1.7.0
   * Component: Startup Version: 1.0.0

<h2>Collection of Component include folders:</h2>
  .\RTE\Device\STM32F051R8Tx
  .\RTE\_Target_1
  C:\Users\90533\AppData\Local\Arm\Packs\ARM\CMSIS\5.6.0\CMSIS\Core\Include
  C:\Users\90533\AppData\Local\Arm\Packs\ARM\CMSIS\5.6.0\CMSIS\DSP\Include
  C:\Users\90533\AppData\Local\Arm\Packs\Keil\STM32F0xx_DFP\2.0.0\Drivers\CMSIS\Device\ST\STM32F0xx\Include
  C:\Users\90533\AppData\Local\Arm\Packs\Keil\STM32F0xx_DFP\2.0.0\Drivers\STM32F0xx_HAL_Driver\Inc
  C:\Users\90533\AppData\Local\Arm\Packs\Keil\STM32F0xx_DFP\2.0.0\Drivers\STM32F0xx_HAL_Driver\Inc\Legacy

<h2>Collection of Component Files used:</h2>

   * Component: ARM::CMSIS:CORE:5.3.0

   * Component: ARM::CMSIS:DSP:Library:1.7.0
      Include file:  CMSIS\DSP\Include\arm_math.h
      Library file:  CMSIS\DSP\Lib\ARM\arm_cortexM0l_math.lib

   * Component: Keil.Standalone::Device:STM32Cube HAL:COMMON:1.7.0
      Include file:  Drivers\STM32F0xx_HAL_Driver\Inc\stm32f0xx_hal_def.h
      Include file:  Drivers\STM32F0xx_HAL_Driver\Inc\Legacy\stm32_hal_legacy.h
      Source file:   Drivers\STM32F0xx_HAL_Driver\Src\stm32f0xx_hal.c
      Include file:  MDK\Templates\Inc\stm32f0xx_hal_conf.h
      Source file:   MDK\Templates\Src\stm32f0xx_hal_msp.c
      Source file:   MDK\Templates\Src\stm32f0xx_it.c
      Include file:  MDK\Templates\Inc\main.h
      Include file:  MDK\Templates\Inc\stm32f0xx_it.h
      Include file:  Drivers\STM32F0xx_HAL_Driver\Inc\stm32f0xx_hal.h
      Source file:   MDK\Templates\Src\main.c

   * Component: Keil.Standalone::Device:STM32Cube HAL:CORTEX:1.7.0
      Source file:   Drivers\STM32F0xx_HAL_Driver\Src\stm32f0xx_hal_cortex.c

   * Component: Keil.Standalone::Device:STM32Cube HAL:DMA:1.7.0
      Source file:   Drivers\STM32F0xx_HAL_Driver\Src\stm32f0xx_hal_dma.c

   * Component: Keil.Standalone::Device:STM32Cube HAL:FLASH:1.7.0
      Source file:   Drivers\STM32F0xx_HAL_Driver\Src\stm32f0xx_hal_flash.c
      Source file:   Drivers\STM32F0xx_HAL_Driver\Src\stm32f0xx_hal_flash_ex.c

   * Component: Keil.Standalone::Device:STM32Cube HAL:GPIO:1.7.0
      Source file:   Drivers\STM32F0xx_HAL_Driver\Src\stm32f0xx_hal_gpio.c

   * Component: Keil.Standalone::Device:STM32Cube HAL:RCC:1.7.0
      Source file:   Drivers\STM32F0xx_HAL_Driver\Src\stm32f0xx_hal_rcc_ex.c
      Source file:   Drivers\STM32F0xx_HAL_Driver\Src\stm32f0xx_hal_rcc.c

   * Component: Keil.Standalone::Device:STM32Cube HAL:TIM:1.7.0
      Source file:   Drivers\STM32F0xx_HAL_Driver\Src\stm32f0xx_hal_tim.c
      Source file:   Drivers\STM32F0xx_HAL_Driver\Src\stm32f0xx_hal_tim_ex.c

   * Component: Keil.Standalone::Device:STM32Cube HAL:UART:1.7.0
      Source file:   Drivers\STM32F0xx_HAL_Driver\Src\stm32f0xx_hal_uart.c
      Source file:   Drivers\STM32F0xx_HAL_Driver\Src\stm32f0xx_hal_uart_ex.c

   * Component: Keil.Standalone::Device:Startup:1.0.0
      Source file:   Drivers\CMSIS\Device\ST\STM32F0xx\Source\Templates\system_stm32f0xx.c
      Source file:   Drivers\CMSIS\Device\ST\STM32F0xx\Source\Templates\arm\startup_stm32f051x8.s
      Source file:   MDK\Device\Source\ARM\STM32F0xx_OPT.s
      Include file:  Drivers\CMSIS\Device\ST\STM32F0xx\Include\stm32f0xx.h
Build Time Elapsed:  00:00:02
</pre>
</body>
</html>
